// Jest Snapshot v1, https://goo.gl/fbAQLP

exports[`Test Dialog component Test render correctly 1`] = `null`;
