// Jest Snapshot v1, https://goo.gl/fbAQLP

exports[`Test ListGroup component Test render correctly 1`] = `
<div
  className="listItem"
  id={undefined}
  onClick={undefined}
  style={undefined}
>
  <div
    className="inlineBlock"
  >
    Item one
  </div>
</div>
`;
