// Jest Snapshot v1, https://goo.gl/fbAQLP

exports[`Test Input component render Render correctly 1`] = `
<div
  styleName="textfieldWrapper"
>
  <input
    className="class"
    disabled={false}
    hidden={false}
    isValid={undefined}
    maxLength={15}
    name="InputName"
    onBlur={[Function]}
    onChange={[Function]}
    onFocus={[Function]}
    placeholder="Text here"
    required={true}
    style={undefined}
    styleName="textfield"
    type="text"
    uppercase={false}
    valid={[Function]}
    value="Value"
  />
</div>
`;
